      seed      snrDb    startIndex    iterationCap    startThetaDeg    startRangeM    finalThetaDeg    finalRangeM    objective    stationarityResidual    iterations    acceptedSteps    converged            status            candidateRank
    ________    _____    __________    ____________    _____________    ___________    _____________    ___________    _________    ____________________    __________    _____________    _________    ______________________    _____________

    3.64e+07     20          1             200            48.822          20.919          48.871          19.691        0.98365          9.6978e-07            130             129           true       "projected_stationary"          5      
    3.64e+07     20          2             200            48.871          19.707          48.871          19.691        0.98365          9.4493e-07             54              53           true       "projected_stationary"          3      
    3.64e+07     20          3             200            48.871          19.692          48.871          19.691        0.98365           9.535e-07             40              39           true       "projected_stationary"          4      
    3.64e+07     20          4             200             48.88          19.487          48.875          19.593        0.99031          1.7227e-08             23              22           true       "projected_stationary"          2      
    3.64e+07     20          5             200            48.897          19.092          48.875          19.593        0.99031          1.3882e-08             53              52           true       "projected_stationary"          1      
    3.64e+07     20          1             400            48.822          20.919          48.871          19.691        0.98365          9.6978e-07            130             129           true       "projected_stationary"          5      
    3.64e+07     20          2             400            48.871          19.707          48.871          19.691        0.98365          9.4493e-07             54              53           true       "projected_stationary"          3      
    3.64e+07     20          3             400            48.871          19.692          48.871          19.691        0.98365           9.535e-07             40              39           true       "projected_stationary"          4      
    3.64e+07     20          4             400             48.88          19.487          48.875          19.593        0.99031          1.7227e-08             23              22           true       "projected_stationary"          2      
    3.64e+07     20          5             400            48.897          19.092          48.875          19.593        0.99031          1.3882e-08             53              52           true       "projected_stationary"          1      
    3.64e+07     20          1             800            48.822          20.919          48.871          19.691        0.98365          9.6978e-07            130             129           true       "projected_stationary"          5      
    3.64e+07     20          2             800            48.871          19.707          48.871          19.691        0.98365          9.4493e-07             54              53           true       "projected_stationary"          3      
    3.64e+07     20          3             800            48.871          19.692          48.871          19.691        0.98365           9.535e-07             40              39           true       "projected_stationary"          4      
    3.64e+07     20          4             800             48.88          19.487          48.875          19.593        0.99031          1.7227e-08             23              22           true       "projected_stationary"          2      
    3.64e+07     20          5             800            48.897          19.092          48.875          19.593        0.99031          1.3882e-08             53              52           true       "projected_stationary"          1      

      seed      snrDb    iterationCap    profileThetaDeg    profileRangeM    profileLogObjective    profileBoundary    finalThetaDeg    finalRangeM    objective    stationarityResidual    iterations    converged            status            originalBestObjective    objectiveGain    higherLikelihoodSameDomain
    ________    _____    ____________    _______________    _____________    ___________________    _______________    _____________    ___________    _________    ____________________    __________    _________    ______________________    _____________________    _____________    __________________________

    3.64e+07     20          200             48.875            19.593            -0.0097368              false            48.875          19.593        0.99031          1.3882e-08             1           true       "projected_stationary"           0.99031                 0                    false           
    3.64e+07     20          400             48.875            19.593            -0.0097368              false            48.875          19.593        0.99031          1.3882e-08             1           true       "projected_stationary"           0.99031                 0                    false           
    3.64e+07     20          800             48.875            19.593            -0.0097368              false            48.875          19.593        0.99031          1.3882e-08             1           true       "projected_stationary"           0.99031                 0                    false           

