正在运行 algorithmEstimateTest
.....
已完成 algorithmEstimateTest
__________

正在运行 algorithmVersionTest
.......
已完成 algorithmVersionTest
__________

正在运行 deterministicMultipeakFrontTest
....
已完成 deterministicMultipeakFrontTest
__________

正在运行 localMusicLogScoreTest
....
已完成 localMusicLogScoreTest
__________

正在运行 localMusicSpectrumTest
..
已完成 localMusicSpectrumTest
__________

正在运行 localSpectrumDiagnosticsTest
...
已完成 localSpectrumDiagnosticsTest
__________

正在运行 maximizeRangeScoreTest
......
已完成 maximizeRangeScoreTest
__________

正在运行 profileRangeAtAngleTest
......
已完成 profileRangeAtAngleTest
__________

正在运行 profileSnrLambdaTest
.....
已完成 profileSnrLambdaTest
__________

正在运行 round24ConfirmatoryTest
......
已完成 round24ConfirmatoryTest
__________

正在运行 round27ConvergenceTest
.......
已完成 round27ConvergenceTest
__________

正在运行 round27PublishedFormulaAuditTest
...
已完成 round27PublishedFormulaAuditTest
__________

正在运行 round27WorkflowTest
.....
已完成 round27WorkflowTest
__________

正在运行 round28FixedAngleTest
....
已完成 round28FixedAngleTest
__________

正在运行 round29IntegrationTest
.....
已完成 round29IntegrationTest
__________

正在运行 round30LightweightTest
........
已完成 round30LightweightTest
__________

正在运行 round31CorrectnessTest
.......... ...
已完成 round31CorrectnessTest
__________

正在运行 snrReleasedAlphaTest
...
已完成 snrReleasedAlphaTest
__________

正在运行 testFigures1013WithCbs
Published Proposed and CBS-Low curves for figures [10 11 12 13] written to C:\Users\CWH\AppData\Local\Temp\tpa788c046_32a9_44dd_a6fd_10f0c6b9dd82
..
已完成 testFigures1013WithCbs
__________

正在运行 testFullSpectrumTheory
.......... .......... ..........
已完成 testFullSpectrumTheory
__________

正在运行 testJadCore
........
已完成 testJadCore
__________

正在运行 testPaperFigureOrganization
Paper figures 2 written to C:\Users\CWH\AppData\Local\Temp\tp5bd0b64b_9049_4c3d_85a3_76f3cae43852
Published Proposed and CBS-Low curves for figures 10 written to C:\Users\CWH\AppData\Local\Temp\tp5bd0b64b_9049_4c3d_85a3_76f3cae43852
Organized paper figures [2 10] are available in C:\Users\CWH\AppData\Local\Temp\tp5bd0b64b_9049_4c3d_85a3_76f3cae43852
.
已完成 testPaperFigureOrganization
__________

R31 TESTS passed=137 failed=0 incomplete=0 static=0
